// Jest Snapshot v1, https://goo.gl/fbAQLP

exports[`should rendering 1`] = `
<div>
  <button
    aria-label="round change"
    class="chakra-button css-bnxwpm"
    type="button"
  >
    Round Change
  </button>
  <span
    hidden=""
    id="__chakra_env"
  />
</div>
`;
