// Jest Snapshot v1, https://goo.gl/fbAQLP

exports[`should rendering 1`] = `
<div>
  <div
    class="grid grid-cols-2"
  >
    <div
      class="border bg-gray-50 text-center"
    >
      Round
    </div>
    <div
      class="border bg-gray-50 text-center"
    >
      Count
    </div>
  </div>
</div>
`;
