// Jest Snapshot v1, https://goo.gl/fbAQLP

exports[`should rendering 1`] = `
<div>
  <div
    class="grid grid-cols-3 grid-rows-5 gap-1"
  >
    <input
      class="col-span-3 rounded-md border p-2.5 text-right text-sm tracking-widest text-gray-900"
      type="text"
      value=""
    />
    <button
      aria-label="one"
      class="text-emerald-600 border-emerald-600 bg-white hover:bg-emerald-50 rounded-lg border py-2 px-3 text-base font-bold subpixel-antialiased md:text-base"
    >
      1
    </button>
    <button
      aria-label="two"
      class="text-emerald-600 border-emerald-600 bg-white hover:bg-emerald-50 rounded-lg border py-2 px-3 text-base font-bold subpixel-antialiased md:text-base"
    >
      2
    </button>
    <button
      aria-label="three"
      class="text-emerald-600 border-emerald-600 bg-white hover:bg-emerald-50 rounded-lg border py-2 px-3 text-base font-bold subpixel-antialiased md:text-base"
    >
      3
    </button>
    <button
      aria-label="four"
      class="text-emerald-600 border-emerald-600 bg-white hover:bg-emerald-50 rounded-lg border py-2 px-3 text-base font-bold subpixel-antialiased md:text-base"
    >
      4
    </button>
    <button
      aria-label="five"
      class="text-emerald-600 border-emerald-600 bg-white hover:bg-emerald-50 rounded-lg border py-2 px-3 text-base font-bold subpixel-antialiased md:text-base"
    >
      5
    </button>
    <button
      aria-label="six"
      class="text-emerald-600 border-emerald-600 bg-white hover:bg-emerald-50 rounded-lg border py-2 px-3 text-base font-bold subpixel-antialiased md:text-base"
    >
      6
    </button>
    <button
      aria-label="seven"
      class="text-emerald-600 border-emerald-600 bg-white hover:bg-emerald-50 rounded-lg border py-2 px-3 text-base font-bold subpixel-antialiased md:text-base"
    >
      7
    </button>
    <button
      aria-label="eight"
      class="text-emerald-600 border-emerald-600 bg-white hover:bg-emerald-50 rounded-lg border py-2 px-3 text-base font-bold subpixel-antialiased md:text-base"
    >
      8
    </button>
    <button
      aria-label="nine"
      class="text-emerald-600 border-emerald-600 bg-white hover:bg-emerald-50 rounded-lg border py-2 px-3 text-base font-bold subpixel-antialiased md:text-base"
    >
      9
    </button>
    <button
      aria-label="delete"
      class="text-emerald-600 border-emerald-600 bg-white hover:bg-emerald-50 rounded-lg border py-2 px-3 text-base font-bold subpixel-antialiased md:text-base"
    >
      <svg
        class="m-auto"
        fill="currentColor"
        height="1em"
        stroke="currentColor"
        stroke-width="0"
        viewBox="0 0 24 24"
        width="1em"
        xmlns="http://www.w3.org/2000/svg"
      >
        <g>
          <path
            d="M0 0h24v24H0z"
            fill="none"
          />
          <path
            d="M6.535 3H21a1 1 0 0 1 1 1v16a1 1 0 0 1-1 1H6.535a1 1 0 0 1-.832-.445l-5.333-8a1 1 0 0 1 0-1.11l5.333-8A1 1 0 0 1 6.535 3zm.535 2l-4.666 7 4.666 7H20V5H7.07zM13 10.586l2.828-2.829 1.415 1.415L14.414 12l2.829 2.828-1.415 1.415L13 13.414l-2.828 2.829-1.415-1.415L11.586 12 8.757 9.172l1.415-1.415L13 10.586z"
          />
        </g>
      </svg>
    </button>
    <button
      aria-label="zero"
      class="text-emerald-600 border-emerald-600 bg-white hover:bg-emerald-50 rounded-lg border py-2 px-3 text-base font-bold subpixel-antialiased md:text-base"
    >
      0
    </button>
    <button
      aria-label="enter"
      class="text-emerald-600 border-emerald-600 bg-white hover:bg-emerald-50 rounded-lg border py-2 px-3 text-base font-bold subpixel-antialiased md:text-base"
    >
      <svg
        class="m-auto"
        fill="currentColor"
        height="1em"
        stroke="currentColor"
        stroke-width="0"
        viewBox="0 0 1024 1024"
        width="1em"
        xmlns="http://www.w3.org/2000/svg"
      >
        <path
          d="M864 170h-60c-4.4 0-8 3.6-8 8v518H310v-73c0-6.7-7.8-10.5-13-6.3l-141.9 112a8 8 0 0 0 0 12.6l141.9 112c5.3 4.2 13 .4 13-6.3v-75h498c35.3 0 64-28.7 64-64V178c0-4.4-3.6-8-8-8z"
        />
      </svg>
    </button>
  </div>
  <span
    hidden=""
    id="__chakra_env"
  />
</div>
`;
