// Jest Snapshot v1, https://goo.gl/fbAQLP

exports[`should rendering 1`] = `
<div>
  <div
    class="css-p284m"
  >
    <div
      class="css-0"
    >
      <h2
        class="chakra-heading css-82d3ew"
      >
        20T
      </h2>
    </div>
    <div
      class="css-0"
    >
      <h2
        class="chakra-heading css-82d3ew"
      >
        19T
      </h2>
    </div>
    <div
      class="css-0"
    >
      <h2
        class="chakra-heading css-82d3ew"
      >
        18T
      </h2>
    </div>
    <div
      class="css-0"
    >
      <div
        class="css-1ensw45"
      >
        <div
          class="css-0"
        >
          <button
            aria-label="clear scores"
            class="chakra-button css-b7k6lj"
            type="button"
          >
            <svg
              aria-hidden="true"
              fill="currentColor"
              focusable="false"
              height="1em"
              stroke="currentColor"
              stroke-width="0"
              viewBox="0 0 16 16"
              width="1em"
              xmlns="http://www.w3.org/2000/svg"
            >
              <path
                clip-rule="evenodd"
                d="M10 3h3v1h-1v9l-1 1H4l-1-1V4H2V3h3V2a1 1 0 0 1 1-1h3a1 1 0 0 1 1 1v1zM9 2H6v1h3V2zM4 13h7V4H4v9zm2-8H5v7h1V5zm1 0h1v7H7V5zm2 0h1v7H9V5z"
                fill-rule="evenodd"
              />
            </svg>
          </button>
        </div>
        <div
          class="css-0"
        >
          <button
            class="chakra-button css-1kg18wp"
            type="button"
          >
            Round Change
          </button>
        </div>
      </div>
    </div>
  </div>
  <span
    hidden=""
    id="__chakra_env"
  />
</div>
`;
