// Jest Snapshot v1, https://goo.gl/fbAQLP

exports[`should rendering 1`] = `
<div>
  <div
    class="chakra-table__container css-zipzvv"
  >
    <table
      class="chakra-table css-0"
    >
      <tbody
        class="css-0"
      >
        <tr
          class="css-0"
        >
          <td
            class="css-0"
          >
            <p
              class="chakra-text css-1ezsviu"
            >
              20
            </p>
          </td>
          <td
            class="css-0"
          >
            <div
              class="css-1ntzyee"
            >
              <div
                class="css-1gvp5h0"
              />
            </div>
          </td>
          <td
            class="css-0"
          >
            <p
              class="chakra-text css-1ezsviu"
            >
              0
            </p>
          </td>
        </tr>
        <tr
          class="css-0"
        >
          <td
            class="css-0"
          >
            <p
              class="chakra-text css-1ezsviu"
            >
              19
            </p>
          </td>
          <td
            class="css-0"
          >
            <div
              class="css-1ntzyee"
            >
              <div
                class="css-1gvp5h0"
              />
            </div>
          </td>
          <td
            class="css-0"
          >
            <p
              class="chakra-text css-1ezsviu"
            >
              0
            </p>
          </td>
        </tr>
        <tr
          class="css-0"
        >
          <td
            class="css-0"
          >
            <p
              class="chakra-text css-1ezsviu"
            >
              18
            </p>
          </td>
          <td
            class="css-0"
          >
            <div
              class="css-1ntzyee"
            >
              <div
                class="css-1gvp5h0"
              />
            </div>
          </td>
          <td
            class="css-0"
          >
            <p
              class="chakra-text css-1ezsviu"
            >
              0
            </p>
          </td>
        </tr>
        <tr
          class="css-0"
        >
          <td
            class="css-0"
          >
            <p
              class="chakra-text css-1ezsviu"
            >
              17
            </p>
          </td>
          <td
            class="css-0"
          >
            <div
              class="css-1ntzyee"
            >
              <div
                class="css-1gvp5h0"
              />
            </div>
          </td>
          <td
            class="css-0"
          >
            <p
              class="chakra-text css-1ezsviu"
            >
              0
            </p>
          </td>
        </tr>
        <tr
          class="css-0"
        >
          <td
            class="css-0"
          >
            <p
              class="chakra-text css-1ezsviu"
            >
              16
            </p>
          </td>
          <td
            class="css-0"
          >
            <div
              class="css-1ntzyee"
            >
              <div
                class="css-1gvp5h0"
              />
            </div>
          </td>
          <td
            class="css-0"
          >
            <p
              class="chakra-text css-1ezsviu"
            >
              0
            </p>
          </td>
        </tr>
        <tr
          class="css-0"
        >
          <td
            class="css-0"
          >
            <p
              class="chakra-text css-1ezsviu"
            >
              15
            </p>
          </td>
          <td
            class="css-0"
          >
            <div
              class="css-1ntzyee"
            >
              <div
                class="css-1gvp5h0"
              />
            </div>
          </td>
          <td
            class="css-0"
          >
            <p
              class="chakra-text css-1ezsviu"
            >
              0
            </p>
          </td>
        </tr>
        <tr
          class="css-0"
        >
          <td
            class="css-0"
          >
            <p
              class="chakra-text css-1ezsviu"
            >
              BULL
            </p>
          </td>
          <td
            class="css-0"
          >
            <div
              class="css-1ntzyee"
            >
              <div
                class="css-1gvp5h0"
              />
            </div>
          </td>
          <td
            class="css-0"
          >
            <p
              class="chakra-text css-1ezsviu"
            >
              0
            </p>
          </td>
        </tr>
      </tbody>
    </table>
  </div>
</div>
`;
