// Jest Snapshot v1, https://goo.gl/fbAQLP

exports[`should rendering 1`] = `
<div>
  <div
    class="chakra-table__container css-0"
  >
    <table
      class="chakra-table css-0"
      role="table"
    >
      <tbody
        class="css-0"
      >
        <tr
          class="css-0"
          role="row"
        >
          <td
            class="css-0"
            role="gridcell"
          >
            501
          </td>
          <td
            class="css-0"
            role="gridcell"
          >
            501
          </td>
        </tr>
        <tr
          class="css-0"
          role="row"
        >
          <td
            class="css-0"
            role="gridcell"
          >
            401
          </td>
          <td
            class="css-0"
            role="gridcell"
          />
        </tr>
      </tbody>
    </table>
  </div>
</div>
`;
