// Jest Snapshot v1, https://goo.gl/fbAQLP

exports[`should rendering 1`] = `
<div>
  <div
    class="flex gap-2"
  >
    <span
      class="text-2xl font-bold text-gray-500"
    >
      0
    </span>
    <span
      class="text-2xl font-bold text-green-600"
    >
      Dart
    </span>
  </div>
  <span
    hidden=""
    id="__chakra_env"
  />
</div>
`;
