// Jest Snapshot v1, https://goo.gl/fbAQLP

exports[`should rendering 1`] = `
<head>
  <title>
    title
  </title>
  <meta
    content="index,follow"
    name="robots"
  />
  <meta
    content="description"
    name="description"
  />
  <meta
    content="title"
    property="og:title"
  />
  <meta
    content="description"
    property="og:description"
  />
  <link
    href="canonical"
    rel="canonical"
  />
</head>
`;
