// Jest Snapshot v1, https://goo.gl/fbAQLP

exports[`should rendering 1`] = `
<div>
  <div
    class="h-full max-w-md rounded-xl border border-gray-200 bg-gray-50 p-5 shadow-md"
  >
    <p>
      The Card
    </p>
  </div>
</div>
`;
