// Jest Snapshot v1, https://goo.gl/fbAQLP

exports[`should rendering 1`] = `
<div>
  <button
    aria-label="what is this game?"
    class="chakra-button css-1x4o3bv"
    type="button"
  >
    <span
      class="chakra-button__icon css-1wh2kri"
    >
      <svg
        aria-hidden="true"
        fill="currentColor"
        focusable="false"
        height="1em"
        stroke="currentColor"
        stroke-width="0"
        viewBox="0 0 24 24"
        width="1em"
        xmlns="http://www.w3.org/2000/svg"
      >
        <path
          d="M12,22 C17.5228475,22 22,17.5228475 22,12 C22,6.4771525 17.5228475,2 12,2 C6.4771525,2 2,6.4771525 2,12 C2,17.5228475 6.4771525,22 12,22 Z M12,10 L12,18 M12,6 L12,8"
          fill="none"
          stroke="#000"
          stroke-width="2"
        />
      </svg>
    </span>
    What is this game?
  </button>
  <span
    hidden=""
    id="__chakra_env"
  />
</div>
`;
