// Jest Snapshot v1, https://goo.gl/fbAQLP

exports[`should rendering 1`] = `
<div>
  <div>
    <button
      class="text-blue-400 border-blue-400 bg-white hover:bg-blue-50 w-fit rounded-lg border p-2 text-sm font-bold subpixel-antialiased disabled:cursor-not-allowed md:px-3 md:text-base"
    />
  </div>
  <span
    hidden=""
    id="__chakra_env"
  />
</div>
`;
