// Jest Snapshot v1, https://goo.gl/fbAQLP

exports[`should rendering 1`] = `
<div>
  <div
    class="css-17of0ue"
  >
    <div
      class="css-gmuwbf"
    >
      <a
        class="chakra-link css-0"
        href="url"
        rel="noopener"
        target="_blank"
      >
        <img
          alt="title image"
          class="chakra-image__placeholder css-2y8fku"
          src="/fallback.webp"
        />
      </a>
    </div>
    <h3
      class="chakra-heading css-o5g2qp"
    >
      title
    </h3>
    <p
      class="chakra-text css-4h8fht"
    >
      description
    </p>
  </div>
</div>
`;
