// Jest Snapshot v1, https://goo.gl/fbAQLP

exports[`should rendering 1`] = `
<div>
  <div
    class="css-1utx3w7"
  >
    <input
      accept=".json"
      hidden=""
      type="file"
    />
    <button
      class="chakra-button css-4xx2wk"
      type="button"
    >
      <span
        class="chakra-button__icon css-1wh2kri"
      >
        <svg
          aria-hidden="true"
          fill="currentColor"
          focusable="false"
          height="1em"
          stroke="currentColor"
          stroke-width="0"
          viewBox="0 0 24 24"
          width="1em"
          xmlns="http://www.w3.org/2000/svg"
        >
          <path
            d="m12 18 4-5h-3V2h-2v11H8z"
          />
          <path
            d="M19 9h-4v2h4v9H5v-9h4V9H5c-1.103 0-2 .897-2 2v9c0 1.103.897 2 2 2h14c1.103 0 2-.897 2-2v-9c0-1.103-.897-2-2-2z"
          />
        </svg>
      </span>
      Import
    </button>
    <button
      class="chakra-button css-4xx2wk"
      type="button"
    >
      <span
        class="chakra-button__icon css-1wh2kri"
      >
        <svg
          aria-hidden="true"
          fill="currentColor"
          focusable="false"
          height="1em"
          stroke="currentColor"
          stroke-width="0"
          viewBox="0 0 24 24"
          width="1em"
          xmlns="http://www.w3.org/2000/svg"
        >
          <path
            d="M11 16h2V7h3l-4-5-4 5h3z"
          />
          <path
            d="M5 22h14c1.103 0 2-.897 2-2v-9c0-1.103-.897-2-2-2h-4v2h4v9H5v-9h4V9H5c-1.103 0-2 .897-2 2v9c0 1.103.897 2 2 2z"
          />
        </svg>
      </span>
      Export
    </button>
  </div>
</div>
`;
