// Jest Snapshot v1, https://goo.gl/fbAQLP

exports[`should rendering 1`] = `
<div>
  <button
    class="chakra-button css-4xx2wk"
    type="button"
  >
    <span
      class="chakra-button__icon css-1wh2kri"
    >
      <svg
        aria-hidden="true"
        fill="currentColor"
        focusable="false"
        height="1em"
        stroke="currentColor"
        stroke-width="0"
        viewBox="0 0 24 24"
        width="1em"
        xmlns="http://www.w3.org/2000/svg"
      >
        <path
          d="M12,22 C17.5228475,22 22,17.5228475 22,12 C22,6.4771525 17.5228475,2 12,2 C6.4771525,2 2,6.4771525 2,12 C2,17.5228475 6.4771525,22 12,22 Z M12,10 L12,18 M12,6 L12,8"
          fill="none"
          stroke="#000"
          stroke-width="2"
        />
      </svg>
    </span>
    What is this game?
  </button>
  <div
    class="chakra-collapse"
    style="overflow: hidden; display: none; opacity: 0; height: 0px;"
  >
    <p
      class="chakra-text css-1kxrhf3"
    >
      This game was introduction by 'Kikuchi Yamaguchi.'
The game rule is:
    </p>
    <ul
      class="css-iq85eg"
      role="list"
    >
      <li
        class="css-0"
      >
        Setting target count (recommended 10 times)
      </li>
      <li
        class="css-0"
      >
        Shoot for each cricket numbers from 20 to 15 and Bull until the target count of times, like Cricket.
      </li>
    </ul>
    <p
      class="chakra-text css-0"
    >
      For more information, please watch this video.
    </p>
    <link
      as="image"
      href="https://i.ytimg.com/vi/RFl52NNvWhw/hqdefault.jpg"
      rel="preload"
    />
    <article
      class="yt-lite "
      data-title="【ダーツ】菊地山口練習法　2週間でRt.4からRt.8になった練習法"
      style="background-image: url(https://i.ytimg.com/vi/RFl52NNvWhw/hqdefault.jpg); --aspect-ratio: 56.25%;"
    >
      <button
        aria-label="Watch 【ダーツ】菊地山口練習法　2週間でRt.4からRt.8になった練習法"
        class="lty-playbtn"
      />
    </article>
  </div>
</div>
`;
