// Jest Snapshot v1, https://goo.gl/fbAQLP

exports[`should rendering 1`] = `
<div>
  <div>
    History
  </div>
  <span
    hidden=""
    id="__chakra_env"
  />
</div>
`;
