// Jest Snapshot v1, https://goo.gl/fbAQLP

exports[`should rendering 1`] = `
<div>
  <div>
    <table
      class="w-full table-fixed"
    >
      <tbody />
    </table>
  </div>
  <span
    hidden=""
    id="__chakra_env"
  />
</div>
`;
