// Jest Snapshot v1, https://goo.gl/fbAQLP

exports[`should rendering 1`] = `
<div>
  <div
    class="css-15wiczr"
  >
    <div
      class="css-0"
    >
      <h2
        class="chakra-heading css-1uy00aa"
      >
        Companies
      </h2>
      <div
        class="css-18z2gjh"
      >
        <div>
          <div
            class="css-18xfez7"
          >
            <div
              class="css-gmuwbf"
            >
              <a
                class="chakra-link css-spn4bz"
                href="url"
                rel="noopener"
                target="_blank"
              >
                <img
                  alt="title image"
                  class="chakra-image__placeholder css-1l0a0ng"
                  src="/fallback.webp"
                />
              </a>
            </div>
            <h3
              class="chakra-heading css-1mbs55a"
            >
              title
            </h3>
            <p
              class="chakra-text css-1ykf6wi"
            >
              description
            </p>
          </div>
        </div>
      </div>
    </div>
    <div
      class="css-1rwovhe"
    >
      <h2
        class="chakra-heading css-1uy00aa"
      >
        Professional
      </h2>
      <div
        class="css-18z2gjh"
      />
    </div>
    <div
      class="css-1rwovhe"
    >
      <h2
        class="chakra-heading css-1uy00aa"
      >
        Youtube
      </h2>
      <div
        class="css-18z2gjh"
      />
    </div>
  </div>
  <span
    hidden=""
    id="__chakra_env"
  />
</div>
`;
