// Jest Snapshot v1, https://goo.gl/fbAQLP

exports[`should rendering 1`] = `<div />`;
