// Jest Snapshot v1, https://goo.gl/fbAQLP

exports[`should rendering 1`] = `
<div>
  <div
    class="css-lzrd4v-CricketMark"
  />
  <span
    hidden=""
    id="__chakra_env"
  />
</div>
`;
