// Jest Snapshot v1, https://goo.gl/fbAQLP

exports[`should rendering 1`] = `
<div
  aria-hidden="true"
  data-aria-hidden="true"
/>
`;
