// Jest Snapshot v1, https://goo.gl/fbAQLP

exports[`should rendering 1`] = `
<div>
  <div
    class="flex h-52 flex-col justify-center gap-4 bg-gradient-to-b from-gray-100 via-gray-200 to-gray-100 md:h-80 md:gap-8"
  >
    <h1
      class="whitespace-pre-wrap text-center text-2xl font-bold leading-8 md:text-5xl"
    >
      It's dull throwing darts monotonously,
right?
    </h1>
    <span
      class="text-center text-sm md:text-lg"
    >
      It supports home darts, which tend to be monotonous.
    </span>
    <div
      class="flex justify-center"
    >
      <button
        class="text-emerald-600 border-emerald-600 bg-white hover:bg-emerald-50 disabled:opacity-50 w-fit rounded-lg border p-2 text-sm font-bold subpixel-antialiased disabled:cursor-not-allowed md:px-3 md:text-base undefined"
      >
        Let's see the practice games.
      </button>
    </div>
  </div>
  <span
    hidden=""
    id="__chakra_env"
  />
</div>
`;
