// Jest Snapshot v1, https://goo.gl/fbAQLP

exports[`should rendering 1`] = `
<div>
  <div
    class="css-lgj0h8"
  >
    <div
      class="chakra-table__container css-zipzvv"
    >
      <table
        class="chakra-table css-0"
      >
        <tbody
          class="css-0"
        >
          <tr
            class="css-0"
          >
            <td
              class="css-0"
            >
              D-BULL
            </td>
            <td
              class="css-0"
            >
              -
            </td>
            <td
              class="css-0"
            >
              S-BULL
            </td>
          </tr>
        </tbody>
      </table>
    </div>
  </div>
</div>
`;
