// Jest Snapshot v1, https://goo.gl/fbAQLP

exports[`should rendering 1`] = `
<div>
  <div>
    <div
      class="css-vyd9jy"
    >
      <div
        class="css-0"
      >
        <div
          class="css-tkevr6"
        >
          <p
            class="chakra-text css-9833tc"
          >
            This site appreciates and respects all darts content, including YouTube videos.
          </p>
        </div>
      </div>
      <div
        class="css-0"
      >
        <div
          class=""
        >
          <div
            class=""
            id=""
          />
        </div>
      </div>
    </div>
  </div>
  <span
    hidden=""
    id="__chakra_env"
  />
</div>
`;
