// Jest Snapshot v1, https://goo.gl/fbAQLP

exports[`should rendering 1`] = `
<div>
  <div
    class="flex h-fit w-fit flex-nowrap items-start p-2"
  >
    <button
      aria-label="what is this game?"
      class="text-gray-600 bg-transparent hover:text-gray-400 p-0 focus:ring-0 disabled:opacity-50 m-auto inline-flex items-center rounded-full p-2.5 text-center text-sm font-medium focus:outline-none disabled:cursor-not-allowed"
      type="button"
    >
      <div
        class="flex items-center gap-1"
      >
        <svg
          fill="currentColor"
          height="20"
          stroke="currentColor"
          stroke-width="0"
          viewBox="0 0 1024 1024"
          width="20"
          xmlns="http://www.w3.org/2000/svg"
        >
          <path
            d="M512 64C264.6 64 64 264.6 64 512s200.6 448 448 448 448-200.6 448-448S759.4 64 512 64zm0 820c-205.4 0-372-166.6-372-372s166.6-372 372-372 372 166.6 372 372-166.6 372-372 372z"
          />
          <path
            d="M464 336a48 48 0 1 0 96 0 48 48 0 1 0-96 0zm72 112h-48c-4.4 0-8 3.6-8 8v272c0 4.4 3.6 8 8 8h48c4.4 0 8-3.6 8-8V456c0-4.4-3.6-8-8-8z"
          />
        </svg>
        <span>
          What is this game?
        </span>
      </div>
    </button>
  </div>
  <span
    hidden=""
    id="__chakra_env"
  />
</div>
`;
